常用DirMenu/=submenu
常用DirMenu/桌面=%COMMANDER_PATH%\Totalcmd.exe; /T /O /P=L /L="%userprofile%"
常用DirMenu/我的文档=%COMMANDER_PATH%\Totalcmd.exe;/T /O /P=L /L="%ProgramFiles%"
常用DirMenu/下载=%COMMANDER_PATH%\Totalcmd.exe;/T /O /P=L /L="%USERPROFILE%\Downloads\"
常用DirMenu/Totalcmd=%COMMANDER_PATH%\Totalcmd.exe;/T /O /P=L /L="%COMMANDER_PATH%"
常用DirMenu/WorkFlow=%COMMANDER_PATH%\Totalcmd.exe;/T /O /P=L /L="%WorkFlow%"
-=
基本/=submenu
基本/GoogleChrome=%WorkFlow%\tools\GoogleChrome\App\chrome.exe
基本/Eagle=%WorkFlow%\tools\Eagle\Eagle.exe
基本/Notion笔记=https://www.Notion.so
基本/Teambition工作台=https://www.teambition.com/
基本/密码管理器=%WorkFlow%\tools\Bitwarden\Bitwarden.exe
基本/阿里网盘=C:\Program Files (x86)\aDrive\aDrive.exe
基本/百度网盘=C:\Users\BoBO\AppData\Roaming\baidu\BaiduNetdisk\BaiduNetdisk.exe
工作/=submenu
工作/Adobe After Effects CS6=C:\Program Files\Adobe\Adobe After Effects CS6\Support Files\AfterFX.exe
工作/Adobe After Effects 2021=C:\Program Files\Adobe\Adobe After Effects 2021\Support Files\AfterFX.exe
工作/3ds Max 2017=C:\Program Files\Autodesk\3ds Max 2017\3dsmax.exe
工作/3ds Max 2022=C:\Program Files\Autodesk\3ds Max 2022\3dsmax.exe
工作/Unreal=C:\Program Files (x86)\Epic Games\Launcher\Portal\Binaries\Win32\EpicGamesLauncher.exe
工作/Unity=C:\Program Files\Unity\Editor\Unity.exe
工作/3Ds Max=%WorkFlow%\Custom\Maxscripts\Mxs_bundle\Maxlauncher.bat
工作/Blender=%WorkFlow%\tools\Blender\blender.exe
工作/Spine=%WorkFlow%\tools\Spine\Spine.exe
工作/XMind ZEN=%bobodir%\XMind ZEN\XMind ZEN.exe
工具/=submenu
工具/远程=C:\Program Files (x86)\ToDesk\ToDesk.exe
工具/GIF录制=%WorkFlow%\tools\Honeycam\Honeycam.exe
工具/视频录制=%WorkFlow%\tools\Honeycam\Honeycam.exe
工具/科学工具=%WorkFlow%\tools\Clash.NET\ClashDotNet.exe
工具/进程=%WorkFlow%\tools\TotalCMD\Tools\ProcessExplorer\procexp64.exe
工具/下载=%WorkFlow%\tools\IDM\Bin\IDMan.exe
工具/音乐=%WorkFlow%\tools\NetMusic\unlockncm.bat
工具/截图=%WorkFlow%\tools\Snipaste\Snipaste.exe
工具/卸载=%WorkFlow%\tools\Uninstaller.exe
-=
必备工具/=submenu
必备工具/WorkFlow=%WorkFlow%\WorkFlow.ahk
必备工具/QuickZ=D:\BoBO\QuickZ\QuickZ.ahk
-=
VSCODE=C:\Users\BoBO\AppData\Local\Programs\Microsoft VS Code\Code.exe
TIM=%WorkFlow%\tools\TIM\Bin\TIM.exe
设置=Configuration
