常用DirMenu/=submenu
常用DirMenu/桌面=%COMMANDER_PATH%\Totalcmd.exe; /T /O /P=L /L="%userprofile%"
常用DirMenu/我的文档=%COMMANDER_PATH%\Totalcmd.exe;/T /O /P=L /L="%ProgramFiles%"
常用DirMenu/下载=%COMMANDER_PATH%\Totalcmd.exe;/T /O /P=L /L="%USERPROFILE%\Downloads\"
常用DirMenu/百度网盘下载目录=%COMMANDER_PATH%\Totalcmd.exe;/T /O /P=L /L="E:\BaiduNetdiskDownload\"
常用DirMenu/Totalcmd=%COMMANDER_PATH%\Totalcmd.exe;/T /O /P=L /L="%COMMANDER_PATH%"
常用DirMenu/软件库=%COMMANDER_PATH%\Totalcmd.exe;/T /O /P=L /L="%WorkFlow%\tools"
常用DirMenu/WorkFlow=%COMMANDER_PATH%\Totalcmd.exe;/T /O /P=L /L="%WorkFlow%"
常用DirMenu/快速访问=%WorkFlow%\custom\apps\SubFolder\SubFolder.EXE; フォルダー名 /-(AD) /-N /-R /-S /-H /-L /-M /-Y /-R /+E [/.TXT.DLL] [*.TXT]
-=
&A常用/=submenu
&A常用/&GoogleChrome=%WorkFlow%\tools\GoogleChrome\App\chrome.exe
&A常用/&Eagle=%WorkFlow%\tools\Eagle\Eagle.exe
&A常用/&Notion笔记=https://www.Notion.so
&A常用/&Teambition工作台=https://www.teambition.com/
&A常用/&P密码管理器=%WorkFlow%\tools\Bitwarden\Bitwarden.exe
&A常用/&A阿里云盘小白羊版=%WorkFlow%\tools\阿里云盘小白羊版\阿里云盘小白羊版.exe
&A常用/&B百度网盘=C:\Users\BoBO\AppData\Roaming\baidu\BaiduNetdisk\BaiduNetdisk.exe
&A常用/&TIM=%WorkFlow%\tools\TIM\Bin\TIM.exe
&W工作/=submenu
&W工作/Adobe After Effects CS6=C:\Program Files\Adobe\Adobe After Effects CS6\Support Files\AfterFX.exe
&W工作/Adobe After Effects 2021=C:\Program Files\Adobe\Adobe After Effects 2021\Support Files\AfterFX.exe
&W工作/Adobe Photoshop CS6=C:\Program Files\Adobe\Adobe Photoshop CS6\Adobe Photoshop CS6\Photoshop.exe
&W工作/3ds Max 2017=C:\Program Files\Autodesk\3ds Max 2017\3dsmax.exe
&W工作/3ds Max 2020=C:\Program Files\Autodesk\3ds Max 2020\3dsmax.exe
&W工作/3ds Max 2022=C:\Program Files\Autodesk\3ds Max 2022\3dsmax.exe
&W工作/3Ds Max特别版=%WorkFlow%\Custom\Maxscripts\Mxs_bundle\Maxlauncher.bat
&W工作/Houdini=C:\Program Files\Side Effects Software\Houdini 18.5.532\bin\houdini.exe
&W工作/Unreal=C:\Program Files (x86)\Epic Games\Launcher\Portal\Binaries\Win32\EpicGamesLauncher.exe
&W工作/Unreal5=D:\Program\Epic Games\UE_5.0EA\Engine\Binaries\Win64\UnrealEditor.exe
&W工作/Unity=C:\Program Files\Unity\Editor\Unity.exe
&W工作/Blender=%WorkFlow%\tools\Blender\blender.exe
&W工作/Spine=%WorkFlow%\tools\Spine\Spine.exe
&W工作/XMind ZEN=%bobodir%\XMind ZEN\XMind ZEN.exe
&T工具/=submenu
&T工具/远程ToDesk=C:\Program Files (x86)\ToDesk\ToDesk.exe
&T工具/远程RustDesk=%WorkFlow%\tools\rustdesk.exe
&T工具/GIF录制=%WorkFlow%\tools\Honeycam\Honeycam.exe
&T工具/视频录制=%WorkFlow%\tools\BandicamPortable\BandicamPortable.exe
&T工具/科学工具=%WorkFlow%\tools\Clash.NET\ClashDotNet.exe
&T工具/进程=%WorkFlow%\tools\TotalCMD\Tools\ProcessExplorer\procexp64.exe
&T工具/下载=%WorkFlow%\tools\IDM\Bin\IDMan.exe
&T工具/种子下载=%WorkFlow%\tools\uTorrent\utorrent.exe
&T工具/音乐=%WorkFlow%\tools\NetMusic\unlockncm.bat
&T工具/截图=%WorkFlow%\tools\rustdesk.exe
&T工具/卸载=%WorkFlow%\tools\RevoUninstallerPro\RevoUPPort.exe
&T工具/查看硬盘占用空间=%WorkFlow%\tools\TreeSize\TreeSizePortable.exe
&T工具/ADM去广告=%WorkFlow%\tools\ADM\ADM.exe
-=
必备工具/=submenu
必备工具/WorkFlow=%WorkFlow%\WorkFlow.ahk
必备工具/QuickZ=D:\BoBO\QuickZ\QuickZ.ahk
-=
&VSCODE=C:\Users\BoBO\AppData\Local\Programs\Microsoft VS Code\Code.exe
-=
&S切换任务栏=%WorkFlow%\custom\apps\TaskSwch\TaskSwch.exe;/t
&O设置=Configuration
&Q退出=Cancel
