TotalcmdHere=%COMMANDER_PATH%\Totalcmd.exe;/T /O /P=L /L=D:\xxx\
C常用目录DirMenu/=submenu
C常用目录DirMenu/桌面=%COMMANDER_PATH%\Totalcmd.exe; /T /O /P=L /L="%userprofile%"
C常用目录DirMenu/我的文档=%COMMANDER_PATH%\Totalcmd.exe;/T /O /P=L /L="%ProgramFiles%"
C常用目录DirMenu/下载=%COMMANDER_PATH%\Totalcmd.exe;/T /O /P=L /L="%USERPROFILE%\Downloads\"
C常用目录DirMenu/Totalcmd=%COMMANDER_PATH%\Totalcmd.exe;/T /O /P=L /L="%COMMANDER_PATH%"
-=
1Windows/=submenu
1Windows/控制面板=C:\Windows\System32\control.exe
基本/=submenu
基本/浏览器-Google谷歌=%WorkFlow%\tools\GoogleChrome\App\chrome.exe
基本/浏览器-FireFox火狐=%WorkFlow%\tools\Mozila\Firefox\firefox.exe
基本/浏览器-Edge微软=%WorkFlow%\tools\MicrosoftEdge\App\msedge.exe
基本/Eagle图集=%WorkFlow%\tools\Eagle\Eagle.exe
工作/=submenu
工作/Notion笔记=%WorkFlow%\tools\Notion\Notion.exe
工作/Teambition工作台=https://www.teambition.com/
工作/Unreal=C:\Program Files (x86)\Epic Games\Launcher\Portal\Binaries\Win32\EpicGamesLauncher.exe
工作/RenderDoc=%WorkFlow%\tools\RenderDoc_1.10_64\qrenderdoc.exe
工作/查看器tev=%WorkFlow%\tools\TotalCMD\Tools\tev.exe
工作/Unity=C:\Program Files\Unity\Editor\Unity.exe
工作/3Ds Max=%WorkFlow%\Custom\Maxscripts\Mxs_bundle\Maxlauncher.bat
工作/XMind ZEN=%bobodir%\XMind ZEN\XMind ZEN.exe
工作/krita=%bobodir%\krita-x64-4.2.5\krita.lnk
设备/=submenu
设备/设备管理器=%systemroot%\system32\devmgmt.msc
设备/Drives and Partitions=%systemroot%\system32\diskmgmt.msc
设备/Printers and other devices=%systemroot%\system32\control.exe;printers
设备/Mouse=%systemroot%\system32\control.exe;mouse
设备/Keyboard=%systemroot%\system32\control.exe;keyboard
设备/Monitor=%systemroot%\system32\control.exe;Desk.cpl
设备/Audio=%systemroot%\system32\control.exe;mmsys.cpl
设备/Power=%systemroot%\system32\powercfg.cpl
系统/=submenu
系统/管理员工具=files;*.lnk /noext;C:\ProgramData\Microsoft\Windows\Start Menu\Programs\Administrative Tools
系统/控制面板=%systemroot%\system32\Control.exe
系统/程序和功能=%systemroot%\system32\control.exe;Appwiz.cpl
系统/任务管理器=%systemroot%\taskmgr.exe
系统/上帝模式=explorer.exe;shell:::{ED7BA470-8E54-465E-825C-99712043E01C}
系统/背景设置=%systemroot%\system32\control.exe;Desk.cpl,,2
系统/桌面图标设置=%systemroot%\system32\control.exe;Desk.cpl,,0
系统/屏幕保护=%systemroot%\system32\control.exe;Desk.cpl,,1
系统/系统=%systemroot%\system32\control.exe;system
系统/系统属性=%systemroot%\system32\SystemPropertiesAdvanced.exe
系统/系统配置=%systemroot%\System32\msconfig.exe
系统/文件资源管理器选项=%systemroot%\system32\control.exe;folders
系统/注册表=%systemroot%\regedit.exe
系统/区域=%systemroot%\system32\control.exe;Intl.cpl
系统/用户账户=%systemroot%\system32\RunDll32.exe;shell32.dll,Control_RunDLL nusrmgr.cpl
系统/字体=%systemroot%\Fonts
系统/恢复=%systemroot%\system32\control.exe;/name Microsoft.Recovery
系统/安全和维护=%systemroot%\system32\control.exe;wscui.cpl
系统/防火墙=%systemroot%\system32\firewall.cpl
系统/任务管理器=%systemroot%\system32\TaskMgr.exe
系统/任务计划程序=%systemroot%\System32\Taskschd.msc;/s
系统/资源监视器=%systemroot%\system32\resmon.exe
系统/磁盘清理=%systemroot%\system32\cleanmgr.exe
系统/系统信息=%systemroot%\system32\msinfo32.exe
网络/=submenu
网络/Network and Sharing Center=%systemroot%\system32\control.exe;/name Microsoft.NetworkAndSharingCenter
网络/Connections=%systemroot%\system32\control.exe;ncpa.cpl
网络/Shared Folders=%systemroot%\system32\fsmgmt.msc
声音/=submenu
声音/Volume Mixer=%systemroot%\system32\sndvol.exe
声音/Playback=%systemroot%\system32\control.exe;mmsys.cpl,,0
声音/Recording=%systemroot%\system32\control.exe;mmsys.cpl,,1
声音/Program events=%systemroot%\system32\control.exe;mmsys.cpl,,2
Shell Folders/=submenu
Shell Folders/Start Menu=shell:start menu
Shell Folders/WorkFlow=%WorkFlow%
Shell Folders/Start Menu (common)=shell:common start menu
Shell Folders/Startup=shell:startup
Shell Folders/Startup (common)=shell:common startup
Shell Folders/Quick Launch=shell:quick launch
Shell Folders/Send to=shell:sendto
Shell Folders/Downloads=shell:downloads
Shell Folders/AppData\Roaming=shell:appdata
Shell Folders/Explorer Favorites=shell:links
Shell Folders/ProgramFiles=shell:programfiles
Shell Folders/ProgramData=shell:Common AppData
Shell Folders/Administrative tools=shell:Common Administrative Tools
工具/=submenu
工具/Powerpro=%WorkFlow%\tools\Powerpro\powerpro.exe
工具/进程=%WorkFlow%\tools\TotalCMD\Tools\ProcessExplorer\procexp64.exe
工具/拷贝=%WorkFlow%\tools\TotalCMD\Tools\ExtremeCopy\ExtremeCopy.exe
工具/GIF录制=%WorkFlow%\tools\Honeycam\Honeycam.exe
工具/截图=%WorkFlow%\tools\Snipaste\Snipaste.exe
工具/卸载=%WorkFlow%\tools\Uninstaller.exe
工具/下载=%WorkFlow%\tools\IDM\Bin\IDMan.exe
工具/科学工具=%WorkFlow%\tools\Clash\Clash for Windows.exe
工具/密码管理器=%WorkFlow%\tools\Bitwarden\Bitwarden.exe
工具/阿里网盘=https://www.teambition.com/pan
工具/百度云下载工具=https://pan.kdbaidu.com/
工具/输入法=%WorkFlow%\tools\Yzime\Yzime.ahk
工具/音乐=%WorkFlow%\tools\NetMusic\unlockncm.bat
-=
Session/=submenu
Session/Shutdown=%systemroot%\system32\shutdown.exe;-s -t 0
Session/Restart=%systemroot%\system32\shutdown.exe;-r -t 0
Session/Hibernate=%systemroot%\system32\shutdown.exe;-h
-=
WorkFlow=https://github.com/lingchuanbo/WorkFlow
设置=Configuration
