Windows/=submenu
Windows/Systemsteuerung=%systemroot%\system32\Control.exe
Windows/ Programm-Installationen=%systemroot%\system32\control.exe;Appwiz.cpl
Windows/Registry=%systemroot%\regedit.exe
Windows/Update=%systemroot%\system32\wuapp.exe
-=
Desktop/=submenu
Desktop/Gestaltung=%systemroot%\system32\control.exe;Desk.cpl,,2
Desktop/Visuelle Effekte=%systemroot%\system32\SystemPropertiesPerformance.exe
Desktop/Mauszeiger=%systemroot%\system32\control.exe;main.cpl,,1
Desktop/Farben und Darstellung=%systemroot%\system32\desk.cpl;Advanced,@Advanced
Desktop/Besondere Symbole=%systemroot%\system32\control.exe;Desk.cpl,,0
Desktop/Bildschirm-Schoner=%systemroot%\system32\control.exe;Desk.cpl,,1
Hardware/=submenu
Hardware/Geräte-Manager=%systemroot%\system32\control.exe;hdwwiz.cpl
Hardware/Laufwerke und Partitionen=%systemroot%\system32\diskmgmt.msc
Hardware/Drucker und andere Geräte=%systemroot%\system32\control.exe;printers
Hardware/Maus=%systemroot%\system32\control.exe;main.cpl,,0
Hardware/Tastatur=%systemroot%\system32\control.exe;keyboard
Hardware/Monitor=%systemroot%\system32\control.exe;Desk.cpl
Hardware/Audio=%systemroot%\system32\control.exe;mmsys.cpl
Hardware/Energie=%systemroot%\system32\powercfg.cpl
System/=submenu
System/Verwaltung=files;*.lnk /noext;%ProgramData%\Microsoft\Windows\Start Menu\Programs\Administrative Tools
System/Eigenschaften: Übersicht=%systemroot%\system32\control.exe;system
System/Eigenschaften: Einstellungen=%systemroot%\system32\SystemPropertiesAdvanced.exe
System/MS Config (System-Konfiguration)=%systemroot%\system32\msconfig.exe
System/Explorer Einstellungen=%systemroot%\system32\control.exe;folders
System/Registry=%systemroot%\regedit.exe
System/Regionale Einstellungen=%systemroot%\system32\control.exe;Intl.cpl
System/Benutzer-Konten=%systemroot%\system32\RunDll32.exe;shell32.dll,Control_RunDLL nusrmgr.cpl
System/Schriftarten=%systemroot%\Fonts
System/WiederherstellungsTools=%systemroot%\system32\control.exe;/name Microsoft.FileHistory
System/Sicherheit und Wartung=%systemroot%\system32\control.exe;wscui.cpl
System/Firewall=%systemroot%\system32\firewall.cpl
System/Task Manager=%systemroot%\system32\TaskMgr.exe
System/Aufgaben-Planung=%systemroot%\System32\Taskschd.msc;/s
System/Ressourcen-Monitor=%systemroot%\system32\resmon.exe
System/Datenträger-Bereinigung=%systemroot%\system32\cleanmgr.exe
System/Information=%systemroot%\system32\msinfo32.exe
Sound/=submenu
Sound/Lautstärke-Mixer=%systemroot%\system32\sndvol.exe
Sound/Wiedergabe=%systemroot%\system32\control.exe;mmsys.cpl,,0
Sound/Aufnahme=%systemroot%\system32\control.exe;mmsys.cpl,,1
Sound/Ereignis-Zuordnung=%systemroot%\system32\control.exe;mmsys.cpl,,2
Netzwerk/=submenu
Netzwerk/Netwerk- und Freigabe-Center=%systemroot%\system32\control.exe;/name Microsoft.NetworkAndSharingCenter
Netzwerk/Verbindungen=%systemroot%\system32\control.exe;ncpa.cpl
Netzwerk/Freigegebene Ordner=%systemroot%\system32\fsmgmt.msc
Shell Ordner/=submenu
Shell Ordner/Start Menü=shell:start menu
Shell Ordner/Start Menü (alle User)=shell:common start menu
Shell Ordner/Autostart=shell:startup
Shell Ordner/Autostart (alle User)=shell:common startup
Shell Ordner/Schnell Start=shell:quick launch
Shell Ordner/Senden an=shell:sendto
Shell Ordner/Downloads=shell:downloads
Shell Ordner/AppData (Roaming)=shell:appdata
Shell Ordner/Explorer Favoriten=shell:links
Shell Ordner/Programme=shell:programfiles
Shell Ordner/ProgramData=shell:Common AppData
Shell Ordner/Verwaltung=shell:Common Administrative Tools
Tools/=submenu
Tools/Notepad=%systemroot%\system32\Notepad.exe;;%HOMEDRIVE%%HOMEPATH%
Tools/Wordpad=%programfiles%\Windows NT\Accessories\Wordpad.exe
Tools/Paint=%systemroot%\System32\Mspaint.exe
Tools/Scanner=wiaacmgr.exe;;;;C:\Windows\System32\shell32.dll,201
Tools/Rechner=%systemroot%\system32\Calc.exe
Tools/Zeichen-Tabelle=%systemroot%\system32\charmap.exe
Tools/Bildschirm-Lupe=%systemroot%\system32\magnify.exe
Tools/Kurznotizen=%systemroot%\system32\Stikynot.exe;;%windir%\system32
Tools/Snipping - Ausschneiden=%systemroot%\system32\Snippingtool.exe;;%windir%\system32
Tools/Audio-Recorder=%systemroot%\system32\Soundrecorder.exe;;%SystemRoot%\system32
Tools/Schritt-Aufzeichnung=%systemroot%\system32\PSR.exe
Tools/Sprach-Ausgabe=%systemroot%\system32\Narrator.exe
-=
Beenden../=submenu
Beenden../Herunterfahren=%systemroot%\system32\shutdown.exe;-s -t 0
Beenden../Neustart=%systemroot%\system32\shutdown.exe;-r -t 0
Beenden../Ruhezustand=%systemroot%\system32\shutdown.exe;-h
