Windows/=submenu
Windows/控制面板=%systemroot%\system32\Control.exe
Windows/安装程序和功能=%systemroot%\system32\control.exe;Appwiz.cpl
Windows/注册表=%systemroot%\regedit.exe
-=
卓面/=submenu
卓面/卓面设置=%systemroot%\system32\control.exe;Desk.cpl,,2
卓面/性能选项=%systemroot%\system32\SystemPropertiesPerformance.exe
卓面/鼠标=%systemroot%\system32\control.exe;main.cpl,,1
卓面/Color and Appearance=%systemroot%\system32\desk.cpl;Advanced,@Advanced
卓面/Special Symbols=%systemroot%\system32\control.exe;Desk.cpl,,0
卓面/Screen Saver=%systemroot%\system32\control.exe;Desk.cpl,,1
系统/=submenu
系统/管理员工具=files;*.lnk /noext;C:\ProgramData\Microsoft\Windows\Start Menu\Programs\Administrative Tools
系统/控制面板=%systemroot%\system32\Control.exe
系统/程序和功能=%systemroot%\system32\control.exe;Appwiz.cpl
系统/任务管理器=%systemroot%\taskmgr.exe
系统/上帝模式=explorer.exe;shell:::{ED7BA470-8E54-465E-825C-99712043E01C}
系统/背景设置=%systemroot%\system32\control.exe;Desk.cpl,,2
系统/桌面图标设置=%systemroot%\system32\control.exe;Desk.cpl,,0
系统/屏幕保护=%systemroot%\system32\control.exe;Desk.cpl,,1
系统/系统=%systemroot%\system32\control.exe;system
系统/系统属性=%systemroot%\system32\SystemPropertiesAdvanced.exe
系统/系统配置=%systemroot%\System32\msconfig.exe
系统/文件资源管理器选项=%systemroot%\system32\control.exe;folders
系统/注册表=%systemroot%\regedit.exe
系统/区域=%systemroot%\system32\control.exe;Intl.cpl
系统/用户账户=%systemroot%\system32\RunDll32.exe;shell32.dll,Control_RunDLL nusrmgr.cpl
系统/字体=%systemroot%\Fonts
系统/恢复=%systemroot%\system32\control.exe;/name Microsoft.Recovery
系统/安全和维护=%systemroot%\system32\control.exe;wscui.cpl
系统/防火墙=%systemroot%\system32\firewall.cpl
系统/任务管理器=%systemroot%\system32\TaskMgr.exe
系统/任务计划程序=%systemroot%\System32\Taskschd.msc;/s
系统/资源监视器=%systemroot%\system32\resmon.exe
系统/磁盘清理=%systemroot%\system32\cleanmgr.exe
系统/系统信息=%systemroot%\system32\msinfo32.exe
网络/=submenu
网络/Network and Sharing Center=%systemroot%\system32\control.exe;/name Microsoft.NetworkAndSharingCenter
网络/Connections=%systemroot%\system32\control.exe;ncpa.cpl
网络/Shared Folders=%systemroot%\system32\fsmgmt.msc
声音/=submenu
声音/Volume Mixer=%systemroot%\system32\sndvol.exe
声音/Playback=%systemroot%\system32\control.exe;mmsys.cpl,,0
声音/Recording=%systemroot%\system32\control.exe;mmsys.cpl,,1
声音/Program events=%systemroot%\system32\control.exe;mmsys.cpl,,2
Shell Folders/=submenu
Shell Folders/Start Menu=shell:start menu
Shell Folders/Start Menu (common)=shell:common start menu
Shell Folders/Startup=shell:startup
Shell Folders/Startup (common)=shell:common startup
Shell Folders/Quick Launch=shell:quick launch
Shell Folders/Send to=shell:sendto
Shell Folders/Downloads=shell:downloads
Shell Folders/AppData\Roaming=shell:appdata
Shell Folders/Explorer Favorites=shell:links
Shell Folders/ProgramFiles=shell:programfiles
Shell Folders/ProgramData=shell:Common AppData
Shell Folders/Administrative tools=shell:Common Administrative Tools
工具/=submenu
工具/Notepad=%systemroot%\system32\Notepad.exe;;%HOMEDRIVE%%HOMEPATH%
工具/Wordpad=%programfiles%\Windows NT\Accessories\Wordpad.exe
工具/Paint=%systemroot%\System32\Mspaint.exe
工具/Scanner=wiaacmgr.exe;;;;C:\Windows\System32\shell32.dll,201
工具/Calculator=%systemroot%\system32\Calc.exe
工具/CharMap=%systemroot%\system32\charmap.exe
工具/Magnify=%systemroot%\system32\magnify.exe
工具/Sticky note=%systemroot%\system32\Stikynot.exe;;%windir%\system32
工具/Snipping tool=%systemroot%\system32\Snippingtool.exe;;%windir%\system32
工具/Sound recorder=%systemroot%\system32\Soundrecorder.exe;;%SystemRoot%\system32
工具/Problem Steps Recorder=%systemroot%\system32\PSR.exe
工具/Narrator=%systemroot%\system32\Narrator.exe
-=
Session/=submenu
Session/Shutdown=%systemroot%\system32\shutdown.exe;-s -t 0
Session/Restart=%systemroot%\system32\shutdown.exe;-r -t 0
Session/Hibernate=%systemroot%\system32\shutdown.exe;-h
设置=Configuration
