Windows/=submenu
Windows/Control Panel=%systemroot%\system32\Control.exe
Windows/Installed Software=%systemroot%\system32\control.exe;Appwiz.cpl
Windows/Registry=%systemroot%\regedit.exe
Windows/Update=%systemroot%\system32\wuapp.exe
-=
Desktop/=submenu
Desktop/Design=%systemroot%\system32\control.exe;Desk.cpl,,2
Desktop/Visual Effects=%systemroot%\system32\SystemPropertiesPerformance.exe
Desktop/Mouse Pointer=%systemroot%\system32\control.exe;main.cpl,,1
Desktop/Color and Appearance=%systemroot%\system32\desk.cpl;Advanced,@Advanced
Desktop/Special Symbols=%systemroot%\system32\control.exe;Desk.cpl,,0
Desktop/Screen Saver=%systemroot%\system32\control.exe;Desk.cpl,,1
Hardware/=submenu
Hardware/Device Manager=%systemroot%\system32\devmgmt.msc
Hardware/Drives and Partitions=%systemroot%\system32\diskmgmt.msc
Hardware/Printers and other devices=%systemroot%\system32\control.exe;printers
Hardware/Mouse=%systemroot%\system32\control.exe;mouse
Hardware/Keyboard=%systemroot%\system32\control.exe;keyboard
Hardware/Monitor=%systemroot%\system32\control.exe;Desk.cpl
Hardware/Audio=%systemroot%\system32\control.exe;mmsys.cpl
Hardware/Power=%systemroot%\system32\powercfg.cpl
System/=submenu
System/Administrative Tools=files;*.lnk /noext;%ProgramData%\Microsoft\Windows\Start Menu\Programs\Administrative Tools
System/Basic Information=%systemroot%\system32\control.exe;system
System/Advanced Settings=%systemroot%\system32\SystemPropertiesAdvanced.exe
System/MS Config=%systemroot%\system32\msconfig.exe
System/Explorer Settings=%systemroot%\system32\control.exe;folders
System/Registry=%systemroot%\regedit.exe
System/Regional Settings=%systemroot%\system32\control.exe;Intl.cpl
System/User accounts=%systemroot%\system32\RunDll32.exe;shell32.dll,Control_RunDLL nusrmgr.cpl
System/Fonts=%systemroot%\Fonts
System/Recovery Tools (advanced)=%systemroot%\system32\control.exe;/name Microsoft.Recovery
System/Security Center=%systemroot%\system32\control.exe;wscui.cpl
System/Firewall=%systemroot%\system32\firewall.cpl
System/Task Manager=%systemroot%\system32\TaskMgr.exe
System/Task Scheduler=%systemroot%\System32\Taskschd.msc;/s
System/Resource Monitor=%systemroot%\system32\resmon.exe
System/Disk Cleanup=%systemroot%\system32\cleanmgr.exe
System/Information=%systemroot%\system32\msinfo32.exe
Network/=submenu
Network/Network and Sharing Center=%systemroot%\system32\control.exe;/name Microsoft.NetworkAndSharingCenter
Network/Connections=%systemroot%\system32\control.exe;ncpa.cpl
Network/Shared Folders=%systemroot%\system32\fsmgmt.msc
Sound/=submenu
Sound/Volume Mixer=%systemroot%\system32\sndvol.exe
Sound/Playback=%systemroot%\system32\control.exe;mmsys.cpl,,0
Sound/Recording=%systemroot%\system32\control.exe;mmsys.cpl,,1
Sound/Program events=%systemroot%\system32\control.exe;mmsys.cpl,,2
Shell Folders/=submenu
Shell Folders/Start Menu=shell:start menu
Shell Folders/Start Menu (common)=shell:common start menu
Shell Folders/Startup=shell:startup
Shell Folders/Startup (common)=shell:common startup
Shell Folders/Quick Launch=shell:quick launch
Shell Folders/Send to=shell:sendto
Shell Folders/Downloads=shell:downloads
Shell Folders/AppData\Roaming=shell:appdata
Shell Folders/Explorer Favorites=shell:links
Shell Folders/ProgramFiles=shell:programfiles
Shell Folders/ProgramData=shell:Common AppData
Shell Folders/Administrative tools=shell:Common Administrative Tools
Tools/=submenu
Tools/Notepad=%systemroot%\system32\Notepad.exe;;%HOMEDRIVE%%HOMEPATH%
Tools/Wordpad=%programfiles%\Windows NT\Accessories\Wordpad.exe
Tools/Paint=%systemroot%\System32\Mspaint.exe
Tools/Scanner=wiaacmgr.exe;;;;C:\Windows\System32\shell32.dll,201
Tools/Calculator=%systemroot%\system32\Calc.exe
Tools/CharMap=%systemroot%\system32\charmap.exe
Tools/Magnify=%systemroot%\system32\magnify.exe
Tools/Sticky note=%systemroot%\system32\Stikynot.exe;;%windir%\system32
Tools/Snipping tool=%systemroot%\system32\Snippingtool.exe;;%windir%\system32
Tools/Sound recorder=%systemroot%\system32\Soundrecorder.exe;;%SystemRoot%\system32
Tools/Problem Steps Recorder=%systemroot%\system32\PSR.exe
Tools/Narrator=%systemroot%\system32\Narrator.exe
-=
Session/=submenu
Session/Shutdown=%systemroot%\system32\shutdown.exe;-s -t 0
Session/Restart=%systemroot%\system32\shutdown.exe;-r -t 0
Session/Hibernate=%systemroot%\system32\shutdown.exe;-h
